[main df71dd5] auto: 同步更新 - 2026-03-17 09:10:01
 3 files changed, 25 insertions(+)
 create mode 100644 .wrangler/cache/pages.json
 create mode 100755 auto-sync.sh
 create mode 100644 sync.log
To https://github.com/shuzurenceshi/tanchishe.git
   da9704b..df71dd5  main -> main
[2026-03-17 09:10:01] GitHub 同步成功
/root/tanchishe/auto-sync.sh: line 17: wrangler: command not found
[2026-03-17 09:10:01] Cloudflare 部署成功
[main 067b7ca] auto: 同步更新 - 2026-03-17 09:15:01
 1 file changed, 10 insertions(+)
To https://github.com/shuzurenceshi/tanchishe.git
   df71dd5..067b7ca  main -> main
[2026-03-17 09:15:01] GitHub 同步成功
/root/tanchishe/auto-sync.sh: line 17: wrangler: command not found
[2026-03-17 09:15:01] Cloudflare 部署成功
[main e0b1578] auto: 同步更新 - 2026-03-17 09:20:01
 1 file changed, 7 insertions(+)
To https://github.com/shuzurenceshi/tanchishe.git
   067b7ca..e0b1578  main -> main
[2026-03-17 09:20:01] GitHub 同步成功
/root/tanchishe/auto-sync.sh: line 17: wrangler: command not found
[2026-03-17 09:20:01] Cloudflare 部署成功
[main f6925a0] auto: 同步更新 - 2026-03-17 09:25:01
 1 file changed, 7 insertions(+)
To https://github.com/shuzurenceshi/tanchishe.git
   e0b1578..f6925a0  main -> main
[2026-03-17 09:25:01] GitHub 同步成功
/root/tanchishe/auto-sync.sh: line 17: wrangler: command not found
[2026-03-17 09:25:01] Cloudflare 部署成功
[main aa55b7a] auto: 同步更新 - 2026-03-17 09:30:01
 1 file changed, 7 insertions(+)
To https://github.com/shuzurenceshi/tanchishe.git
   f6925a0..aa55b7a  main -> main
[2026-03-17 09:30:01] GitHub 同步成功
/root/tanchishe/auto-sync.sh: line 17: wrangler: command not found
[2026-03-17 09:30:01] Cloudflare 部署成功
[main 7a62662] auto: 同步更新 - 2026-03-17 09:35:02
 1 file changed, 7 insertions(+)
To https://github.com/shuzurenceshi/tanchishe.git
   aa55b7a..7a62662  main -> main
[2026-03-17 09:35:02] GitHub 同步成功
/root/tanchishe/auto-sync.sh: line 17: wrangler: command not found
[2026-03-17 09:35:02] Cloudflare 部署成功
[main 1f44a15] auto: 同步更新 - 2026-03-17 09:40:01
 1 file changed, 7 insertions(+)
To https://github.com/shuzurenceshi/tanchishe.git
   7a62662..1f44a15  main -> main
[2026-03-17 09:40:01] GitHub 同步成功
/root/tanchishe/auto-sync.sh: line 17: wrangler: command not found
[2026-03-17 09:40:01] Cloudflare 部署成功
[main 7a124b4] auto: 同步更新 - 2026-03-17 09:45:01
 1 file changed, 7 insertions(+)
To https://github.com/shuzurenceshi/tanchishe.git
   1f44a15..7a124b4  main -> main
[2026-03-17 09:45:01] GitHub 同步成功
/root/tanchishe/auto-sync.sh: line 17: wrangler: command not found
[2026-03-17 09:45:01] Cloudflare 部署成功
[main d81c3d9] auto: 同步更新 - 2026-03-17 09:50:01
 1 file changed, 7 insertions(+)
To https://github.com/shuzurenceshi/tanchishe.git
   7a124b4..d81c3d9  main -> main
[2026-03-17 09:50:01] GitHub 同步成功
/root/tanchishe/auto-sync.sh: line 17: wrangler: command not found
[2026-03-17 09:50:01] Cloudflare 部署成功
[main 0ae26ba] auto: 同步更新 - 2026-03-17 09:55:01
 1 file changed, 7 insertions(+)
To https://github.com/shuzurenceshi/tanchishe.git
   d81c3d9..0ae26ba  main -> main
[2026-03-17 09:55:01] GitHub 同步成功
/root/tanchishe/auto-sync.sh: line 17: wrangler: command not found
[2026-03-17 09:55:01] Cloudflare 部署成功
[main b95aee4] auto: 同步更新 - 2026-03-17 10:00:01
 1 file changed, 7 insertions(+)
To https://github.com/shuzurenceshi/tanchishe.git
   0ae26ba..b95aee4  main -> main
[2026-03-17 10:00:01] GitHub 同步成功
/root/tanchishe/auto-sync.sh: line 17: wrangler: command not found
[2026-03-17 10:00:01] Cloudflare 部署成功
[main 5b58279] auto: 同步更新 - 2026-03-17 10:05:01
 1 file changed, 7 insertions(+)
To https://github.com/shuzurenceshi/tanchishe.git
   b95aee4..5b58279  main -> main
[2026-03-17 10:05:01] GitHub 同步成功
/root/tanchishe/auto-sync.sh: line 17: wrangler: command not found
[2026-03-17 10:05:01] Cloudflare 部署成功
[main 73a6db4] auto: 同步更新 - 2026-03-17 10:10:01
 1 file changed, 7 insertions(+)
To https://github.com/shuzurenceshi/tanchishe.git
   5b58279..73a6db4  main -> main
[2026-03-17 10:10:01] GitHub 同步成功
/root/tanchishe/auto-sync.sh: line 17: wrangler: command not found
[2026-03-17 10:10:01] Cloudflare 部署成功
[main 6abd29d] auto: 同步更新 - 2026-03-17 10:15:01
 1 file changed, 7 insertions(+)
To https://github.com/shuzurenceshi/tanchishe.git
   73a6db4..6abd29d  main -> main
[2026-03-17 10:15:01] GitHub 同步成功
/root/tanchishe/auto-sync.sh: line 17: wrangler: command not found
[2026-03-17 10:15:01] Cloudflare 部署成功
[main 2e77116] auto: 同步更新 - 2026-03-17 10:20:01
 1 file changed, 7 insertions(+)
To https://github.com/shuzurenceshi/tanchishe.git
   6abd29d..2e77116  main -> main
[2026-03-17 10:20:01] GitHub 同步成功
/root/tanchishe/auto-sync.sh: line 17: wrangler: command not found
[2026-03-17 10:20:01] Cloudflare 部署成功
[main 4a93b19] auto: 同步更新 - 2026-03-17 10:25:01
 1 file changed, 7 insertions(+)
To https://github.com/shuzurenceshi/tanchishe.git
   2e77116..4a93b19  main -> main
[2026-03-17 10:25:01] GitHub 同步成功
/root/tanchishe/auto-sync.sh: line 17: wrangler: command not found
[2026-03-17 10:25:01] Cloudflare 部署成功
[main 4e21cd8] auto: 同步更新 - 2026-03-17 10:30:01
 1 file changed, 7 insertions(+)
To https://github.com/shuzurenceshi/tanchishe.git
   4a93b19..4e21cd8  main -> main
[2026-03-17 10:30:01] GitHub 同步成功
/root/tanchishe/auto-sync.sh: line 17: wrangler: command not found
[2026-03-17 10:30:01] Cloudflare 部署成功
